2026-09-23 19:46:50,078 INFO mm_pipeline.pipeline: processing 1/1 -3g5yACwYnA__13
2026-09-23 19:46:50,079 ERROR mm_pipeline.pipeline: sample -3g5yACwYnA__13 failed: ffprobe unavailable: configured='ffprobe'
2026-09-23 19:50:38,306 INFO mm_pipeline.pipeline: processing 1/1 -3g5yACwYnA__13
2026-09-23 19:50:38,307 ERROR mm_pipeline.pipeline: sample -3g5yACwYnA__13 failed: ffprobe unavailable: configured='ffprobe'
2026-09-24 16:07:03,236 INFO mm_pipeline.pipeline: processing 1/1 -3g5yACwYnA__13
2026-09-24 16:07:39,423 ERROR mm_pipeline.pipeline: sample -3g5yACwYnA__13 failed: You need to instantiate RobertaTokenizerFast with add_prefix_space=True to use it with pretokenized inputs.
2026-09-24 16:08:32,769 INFO mm_pipeline.pipeline: processing 1/1 -3g5yACwYnA__13
2026-09-24 16:10:36,409 INFO mm_pipeline.pipeline: processing 1/100 -3g5yACwYnA__13
2026-09-24 16:10:36,410 INFO mm_pipeline.pipeline: processing 2/100 -3g5yACwYnA__3
2026-09-24 16:10:49,053 INFO mm_pipeline.pipeline: processing 3/100 -3g5yACwYnA__2
2026-09-24 16:10:56,217 INFO mm_pipeline.pipeline: processing 4/100 -3g5yACwYnA__9
2026-09-24 16:11:03,668 INFO mm_pipeline.pipeline: processing 5/100 -3nNcZdcdvU__5
2026-09-24 16:11:09,506 INFO mm_pipeline.pipeline: processing 6/100 -HwX2H8Z4hY__2
2026-09-24 16:11:14,819 INFO mm_pipeline.pipeline: processing 7/100 -HwX2H8Z4hY__5
2026-09-24 16:11:21,166 INFO mm_pipeline.pipeline: processing 8/100 -HwX2H8Z4hY__6
2026-09-24 16:11:25,899 INFO mm_pipeline.pipeline: processing 9/100 -HwX2H8Z4hY__9
2026-09-24 16:11:33,211 INFO mm_pipeline.pipeline: processing 10/100 -NFrJFQijFE__1
2026-09-24 16:11:38,067 INFO mm_pipeline.pipeline: processing 11/100 -NFrJFQijFE__2
2026-09-24 16:11:43,422 INFO mm_pipeline.pipeline: processing 12/100 -THoVjtIkeU__12
2026-09-24 16:11:53,771 INFO mm_pipeline.pipeline: processing 13/100 -THoVjtIkeU__2
2026-09-24 16:11:58,098 INFO mm_pipeline.pipeline: processing 14/100 -THoVjtIkeU__6
2026-09-24 16:12:05,028 INFO mm_pipeline.pipeline: processing 15/100 -UuX1xuaiiE__1
2026-09-24 16:12:13,467 INFO mm_pipeline.pipeline: processing 16/100 -UuX1xuaiiE__0
2026-09-24 16:12:18,209 INFO mm_pipeline.pipeline: processing 17/100 -UuX1xuaiiE__3
2026-09-24 16:12:23,184 INFO mm_pipeline.pipeline: processing 18/100 -UuX1xuaiiE__6
2026-09-24 16:12:30,093 INFO mm_pipeline.pipeline: processing 19/100 -a55Q6RWvTA__3
2026-09-24 16:12:43,374 INFO mm_pipeline.pipeline: processing 20/100 -aNfi7CP8vM__7
2026-09-24 16:12:49,707 INFO mm_pipeline.pipeline: processing 21/100 -aqamKhZ1Ec__0
2026-09-24 16:12:58,260 INFO mm_pipeline.pipeline: processing 22/100 -dxfTGcXJoc__1
2026-09-24 16:13:08,159 INFO mm_pipeline.pipeline: processing 23/100 -dxfTGcXJoc__0
2026-09-24 16:13:20,492 INFO mm_pipeline.pipeline: processing 24/100 -dxfTGcXJoc__2
2026-09-24 16:13:31,425 INFO mm_pipeline.pipeline: processing 25/100 -dxfTGcXJoc__6
2026-09-24 16:13:40,090 INFO mm_pipeline.pipeline: processing 26/100 -egA8-b7-3M__26
2026-09-24 16:13:45,893 INFO mm_pipeline.pipeline: processing 27/100 -egA8-b7-3M__17
2026-09-24 16:13:52,217 INFO mm_pipeline.pipeline: processing 28/100 -egA8-b7-3M__18
2026-09-24 16:13:59,244 INFO mm_pipeline.pipeline: processing 29/100 -egA8-b7-3M__16
2026-09-24 16:14:04,317 INFO mm_pipeline.pipeline: processing 30/100 -egA8-b7-3M__13
2026-09-24 16:14:08,802 INFO mm_pipeline.pipeline: processing 31/100 -egA8-b7-3M__1
2026-09-24 16:14:16,177 INFO mm_pipeline.pipeline: processing 32/100 -egA8-b7-3M__6
2026-09-24 16:14:21,863 INFO mm_pipeline.pipeline: processing 33/100 -egA8-b7-3M__9
2026-09-24 16:14:26,892 INFO mm_pipeline.pipeline: processing 34/100 -egA8-b7-3M__20
2026-09-24 16:14:32,701 INFO mm_pipeline.pipeline: processing 35/100 -iRBcNs9oI8__3
2026-09-24 16:14:38,863 INFO mm_pipeline.pipeline: processing 36/100 -iRBcNs9oI8__7
2026-09-24 16:14:43,610 INFO mm_pipeline.pipeline: processing 37/100 -iRBcNs9oI8__6
2026-09-24 16:14:47,726 INFO mm_pipeline.pipeline: processing 38/100 -iRBcNs9oI8__9
2026-09-24 16:14:52,188 INFO mm_pipeline.pipeline: processing 39/100 -iRBcNs9oI8__8
2026-09-24 16:14:59,333 INFO mm_pipeline.pipeline: processing 40/100 -lzEya4AM_4__5
2026-09-24 16:15:05,314 INFO mm_pipeline.pipeline: processing 41/100 -lzEya4AM_4__6
2026-09-24 16:15:16,154 INFO mm_pipeline.pipeline: processing 42/100 -mJ2ud6oKI8__1
2026-09-24 16:15:21,155 INFO mm_pipeline.pipeline: processing 43/100 -mJ2ud6oKI8__2
2026-09-24 16:15:26,048 INFO mm_pipeline.pipeline: processing 44/100 -mJ2ud6oKI8__6
2026-09-24 16:15:30,162 INFO mm_pipeline.pipeline: processing 45/100 -mJ2ud6oKI8__9
2026-09-24 16:15:37,343 INFO mm_pipeline.pipeline: processing 46/100 -mJ2ud6oKI8__8
2026-09-24 16:15:42,436 INFO mm_pipeline.pipeline: processing 47/100 -mqbVkbCndg__0
2026-09-24 16:15:48,033 INFO mm_pipeline.pipeline: processing 48/100 -t217m2on-s__2
2026-09-24 16:15:52,917 INFO mm_pipeline.pipeline: processing 49/100 -t217m2on-s__7
2026-09-24 16:16:03,209 INFO mm_pipeline.pipeline: processing 50/100 -tANM6ETl_M__3
2026-09-24 16:16:09,347 INFO mm_pipeline.pipeline: processing 51/100 -tPCytz4rww__11
2026-09-24 16:16:14,015 INFO mm_pipeline.pipeline: processing 52/100 -tPCytz4rww__10
2026-09-24 16:16:18,518 INFO mm_pipeline.pipeline: processing 53/100 -tPCytz4rww__12
2026-09-24 16:16:26,489 INFO mm_pipeline.pipeline: processing 54/100 -tPCytz4rww__16
2026-09-24 16:16:32,034 INFO mm_pipeline.pipeline: processing 55/100 -tPCytz4rww__18
2026-09-24 16:16:37,346 INFO mm_pipeline.pipeline: processing 56/100 -vxjVxOeScU__4
2026-09-24 16:16:44,312 INFO mm_pipeline.pipeline: processing 57/100 -wMB_hJL-3o__7
2026-09-24 16:16:49,403 INFO mm_pipeline.pipeline: processing 58/100 -wny0OAz3g8__1
2026-09-24 16:16:55,994 INFO mm_pipeline.pipeline: processing 59/100 -wny0OAz3g8__0
2026-09-24 16:17:00,439 INFO mm_pipeline.pipeline: processing 60/100 -wny0OAz3g8__3
2026-09-24 16:17:06,712 INFO mm_pipeline.pipeline: processing 61/100 -wny0OAz3g8__2
2026-09-24 16:17:13,833 INFO mm_pipeline.pipeline: processing 62/100 -wny0OAz3g8__5
2026-09-24 16:17:20,903 INFO mm_pipeline.pipeline: processing 63/100 -wny0OAz3g8__7
2026-09-24 16:17:28,444 INFO mm_pipeline.pipeline: processing 64/100 -wny0OAz3g8__9
2026-09-24 16:17:35,095 INFO mm_pipeline.pipeline: processing 65/100 -571d8cVauQ__0
2026-09-24 16:17:40,287 INFO mm_pipeline.pipeline: processing 66/100 -571d8cVauQ__5
2026-09-24 16:17:51,474 INFO mm_pipeline.pipeline: processing 67/100 -I_e4mIh0yE__1
2026-09-24 16:17:57,194 INFO mm_pipeline.pipeline: processing 68/100 -I_e4mIh0yE__3
2026-09-24 16:18:03,587 INFO mm_pipeline.pipeline: processing 69/100 -UacrmKiTn4__10
2026-09-24 16:18:09,943 INFO mm_pipeline.pipeline: processing 70/100 -UacrmKiTn4__4
2026-09-24 16:18:14,557 INFO mm_pipeline.pipeline: processing 71/100 -hnBHBN8p5A__7
2026-09-24 16:18:22,743 INFO mm_pipeline.pipeline: processing 72/100 -hnBHBN8p5A__6
2026-09-24 16:18:29,673 INFO mm_pipeline.pipeline: processing 73/100 -qDkUB0GgYY__6
2026-09-24 16:18:34,324 INFO mm_pipeline.pipeline: processing 74/100 -uywlfIYOS8__4
2026-09-24 16:18:39,944 INFO mm_pipeline.pipeline: processing 75/100 -6rXp3zJ3kc__8
2026-09-24 16:18:48,511 INFO mm_pipeline.pipeline: processing 76/100 -9y-fZ3swSY__0
2026-09-24 16:18:54,811 INFO mm_pipeline.pipeline: processing 77/100 -9y-fZ3swSY__4
2026-09-24 16:18:59,702 INFO mm_pipeline.pipeline: processing 78/100 -9y-fZ3swSY__8
2026-09-24 16:19:06,391 INFO mm_pipeline.pipeline: processing 79/100 -AUZQgSxyPQ__2
2026-09-24 16:19:21,201 INFO mm_pipeline.pipeline: processing 80/100 -HeZS2-Prhc__2
2026-09-24 16:19:27,695 INFO mm_pipeline.pipeline: processing 81/100 -MeTTeMJBNc__0
2026-09-24 16:19:34,496 INFO mm_pipeline.pipeline: processing 82/100 -MeTTeMJBNc__13
2026-09-24 16:19:39,599 INFO mm_pipeline.pipeline: processing 83/100 -MeTTeMJBNc__7
2026-09-24 16:19:46,887 INFO mm_pipeline.pipeline: processing 84/100 -RfYyzHpjk4__11
2026-09-24 16:19:52,652 INFO mm_pipeline.pipeline: processing 85/100 -RfYyzHpjk4__8
2026-09-24 16:19:58,245 INFO mm_pipeline.pipeline: processing 86/100 -RfYyzHpjk4__2
2026-09-24 16:20:04,687 INFO mm_pipeline.pipeline: processing 87/100 -UUCSKoHeMA__0
2026-09-24 16:20:10,636 INFO mm_pipeline.pipeline: processing 88/100 -ri04Z7vwnc__0
2026-09-24 16:20:14,247 INFO mm_pipeline.pipeline: processing 89/100 -ri04Z7vwnc__2
2026-09-24 16:20:19,013 INFO mm_pipeline.pipeline: processing 90/100 -ri04Z7vwnc__5
2026-09-24 16:20:23,552 INFO mm_pipeline.pipeline: processing 91/100 -s9qJ7ATP7w__1
2026-09-24 16:20:29,609 INFO mm_pipeline.pipeline: processing 92/100 -s9qJ7ATP7w__0
2026-09-24 16:20:37,474 INFO mm_pipeline.pipeline: processing 93/100 -s9qJ7ATP7w__5
2026-09-24 16:20:45,845 INFO mm_pipeline.pipeline: processing 94/100 -s9qJ7ATP7w__4
2026-09-24 16:20:52,106 INFO mm_pipeline.pipeline: processing 95/100 -s9qJ7ATP7w__7
2026-09-24 16:20:58,753 INFO mm_pipeline.pipeline: processing 96/100 -s9qJ7ATP7w__6
2026-09-24 16:21:02,977 INFO mm_pipeline.pipeline: processing 97/100 -s9qJ7ATP7w__8
2026-09-24 16:21:08,147 INFO mm_pipeline.pipeline: processing 98/100 -yRb-Jum7EQ__1
2026-09-24 16:21:30,687 INFO mm_pipeline.pipeline: processing 99/100 -yRb-Jum7EQ__5
2026-09-24 16:21:40,272 INFO mm_pipeline.pipeline: processing 100/100 -yRb-Jum7EQ__6
2026-09-25 15:08:55,320 INFO mm_pipeline.pipeline: processing 1/100 -3g5yACwYnA__13
2026-09-25 15:14:13,064 INFO mm_pipeline.pipeline: processing 1/100 -3g5yACwYnA__13
2026-09-25 15:15:31,637 INFO mm_pipeline.pipeline: processing 2/100 -3g5yACwYnA__3
2026-09-25 15:15:41,740 INFO mm_pipeline.pipeline: processing 3/100 -3g5yACwYnA__2
2026-09-25 15:15:48,341 INFO mm_pipeline.pipeline: processing 4/100 -3g5yACwYnA__9
2026-09-25 15:15:55,578 INFO mm_pipeline.pipeline: processing 5/100 -3nNcZdcdvU__5
2026-09-25 15:16:00,774 INFO mm_pipeline.pipeline: processing 6/100 -HwX2H8Z4hY__2
2026-09-25 15:16:05,474 INFO mm_pipeline.pipeline: processing 7/100 -HwX2H8Z4hY__5
2026-09-25 15:16:11,659 INFO mm_pipeline.pipeline: processing 8/100 -HwX2H8Z4hY__6
2026-09-25 15:16:16,033 INFO mm_pipeline.pipeline: processing 9/100 -HwX2H8Z4hY__9
2026-09-25 15:16:22,525 INFO mm_pipeline.pipeline: processing 10/100 -NFrJFQijFE__1
2026-09-25 15:16:27,186 INFO mm_pipeline.pipeline: processing 11/100 -NFrJFQijFE__2
2026-09-25 15:16:32,149 INFO mm_pipeline.pipeline: processing 12/100 -THoVjtIkeU__12
2026-09-25 15:16:41,874 INFO mm_pipeline.pipeline: processing 13/100 -THoVjtIkeU__2
2026-09-25 15:16:45,804 INFO mm_pipeline.pipeline: processing 14/100 -THoVjtIkeU__6
2026-09-25 15:16:51,888 INFO mm_pipeline.pipeline: processing 15/100 -UuX1xuaiiE__1
2026-09-25 15:16:59,566 INFO mm_pipeline.pipeline: processing 16/100 -UuX1xuaiiE__0
2026-09-25 15:17:04,114 INFO mm_pipeline.pipeline: processing 17/100 -UuX1xuaiiE__3
2026-09-25 15:17:08,703 INFO mm_pipeline.pipeline: processing 18/100 -UuX1xuaiiE__6
2026-09-25 15:17:14,842 INFO mm_pipeline.pipeline: processing 19/100 -a55Q6RWvTA__3
2026-09-25 15:17:26,917 INFO mm_pipeline.pipeline: processing 20/100 -aNfi7CP8vM__7
2026-09-25 15:17:32,841 INFO mm_pipeline.pipeline: processing 21/100 -aqamKhZ1Ec__0
2026-09-25 15:17:40,546 INFO mm_pipeline.pipeline: processing 22/100 -dxfTGcXJoc__1
2026-09-25 15:17:49,726 INFO mm_pipeline.pipeline: processing 23/100 -dxfTGcXJoc__0
2026-09-25 15:18:00,759 INFO mm_pipeline.pipeline: processing 24/100 -dxfTGcXJoc__2
2026-09-25 15:18:10,455 INFO mm_pipeline.pipeline: processing 25/100 -dxfTGcXJoc__6
2026-09-25 15:18:17,944 INFO mm_pipeline.pipeline: processing 26/100 -egA8-b7-3M__26
2026-09-25 15:18:23,021 INFO mm_pipeline.pipeline: processing 27/100 -egA8-b7-3M__17
2026-09-25 15:18:28,405 INFO mm_pipeline.pipeline: processing 28/100 -egA8-b7-3M__18
2026-09-25 15:18:34,212 INFO mm_pipeline.pipeline: processing 29/100 -egA8-b7-3M__16
2026-09-25 15:18:38,770 INFO mm_pipeline.pipeline: processing 30/100 -egA8-b7-3M__13
2026-09-25 15:18:42,712 INFO mm_pipeline.pipeline: processing 31/100 -egA8-b7-3M__1
2026-09-25 15:18:49,091 INFO mm_pipeline.pipeline: processing 32/100 -egA8-b7-3M__6
2026-09-25 15:18:54,089 INFO mm_pipeline.pipeline: processing 33/100 -egA8-b7-3M__9
2026-09-25 15:18:58,467 INFO mm_pipeline.pipeline: processing 34/100 -egA8-b7-3M__20
2026-09-25 15:19:03,160 INFO mm_pipeline.pipeline: processing 35/100 -iRBcNs9oI8__3
2026-09-25 15:19:08,472 INFO mm_pipeline.pipeline: processing 36/100 -iRBcNs9oI8__7
2026-09-25 15:19:12,850 INFO mm_pipeline.pipeline: processing 37/100 -iRBcNs9oI8__6
2026-09-25 15:19:16,526 INFO mm_pipeline.pipeline: processing 38/100 -iRBcNs9oI8__9
2026-09-25 15:19:20,541 INFO mm_pipeline.pipeline: processing 39/100 -iRBcNs9oI8__8
2026-09-25 15:19:26,814 INFO mm_pipeline.pipeline: processing 40/100 -lzEya4AM_4__5
2026-09-25 15:19:32,115 INFO mm_pipeline.pipeline: processing 41/100 -lzEya4AM_4__6
2026-09-25 15:19:42,005 INFO mm_pipeline.pipeline: processing 42/100 -mJ2ud6oKI8__1
2026-09-25 15:19:46,507 INFO mm_pipeline.pipeline: processing 43/100 -mJ2ud6oKI8__2
2026-09-25 15:19:51,068 INFO mm_pipeline.pipeline: processing 44/100 -mJ2ud6oKI8__6
2026-09-25 15:19:54,517 INFO mm_pipeline.pipeline: processing 45/100 -mJ2ud6oKI8__9
2026-09-25 15:20:00,984 INFO mm_pipeline.pipeline: processing 46/100 -mJ2ud6oKI8__8
2026-09-25 15:20:05,334 INFO mm_pipeline.pipeline: processing 47/100 -mqbVkbCndg__0
2026-09-25 15:20:10,431 INFO mm_pipeline.pipeline: processing 48/100 -t217m2on-s__2
2026-09-25 15:20:15,098 INFO mm_pipeline.pipeline: processing 49/100 -t217m2on-s__7
2026-09-25 15:20:24,568 INFO mm_pipeline.pipeline: processing 50/100 -tANM6ETl_M__3
2026-09-25 15:20:30,413 INFO mm_pipeline.pipeline: processing 51/100 -tPCytz4rww__11
2026-09-25 15:20:35,025 INFO mm_pipeline.pipeline: processing 52/100 -tPCytz4rww__10
2026-09-25 15:20:39,282 INFO mm_pipeline.pipeline: processing 53/100 -tPCytz4rww__12
2026-09-25 15:20:46,481 INFO mm_pipeline.pipeline: processing 54/100 -tPCytz4rww__16
2026-09-25 15:20:51,535 INFO mm_pipeline.pipeline: processing 55/100 -tPCytz4rww__18
2026-09-25 15:20:56,145 INFO mm_pipeline.pipeline: processing 56/100 -vxjVxOeScU__4
2026-09-25 15:21:02,064 INFO mm_pipeline.pipeline: processing 57/100 -wMB_hJL-3o__7
2026-09-25 15:21:06,290 INFO mm_pipeline.pipeline: processing 58/100 -wny0OAz3g8__1
2026-09-25 15:21:12,291 INFO mm_pipeline.pipeline: processing 59/100 -wny0OAz3g8__0
2026-09-25 15:21:16,496 INFO mm_pipeline.pipeline: processing 60/100 -wny0OAz3g8__3
2026-09-25 15:21:22,432 INFO mm_pipeline.pipeline: processing 61/100 -wny0OAz3g8__2
2026-09-25 15:21:28,575 INFO mm_pipeline.pipeline: processing 62/100 -wny0OAz3g8__5
2026-09-25 15:21:35,084 INFO mm_pipeline.pipeline: processing 63/100 -wny0OAz3g8__7
2026-09-25 15:21:41,849 INFO mm_pipeline.pipeline: processing 64/100 -wny0OAz3g8__9
2026-09-25 15:21:48,003 INFO mm_pipeline.pipeline: processing 65/100 -571d8cVauQ__0
2026-09-25 15:21:52,469 INFO mm_pipeline.pipeline: processing 66/100 -571d8cVauQ__5
2026-09-25 15:22:02,358 INFO mm_pipeline.pipeline: processing 67/100 -I_e4mIh0yE__1
2026-09-25 15:22:07,817 INFO mm_pipeline.pipeline: processing 68/100 -I_e4mIh0yE__3
2026-09-25 15:22:13,896 INFO mm_pipeline.pipeline: processing 69/100 -UacrmKiTn4__10
2026-09-25 15:22:19,517 INFO mm_pipeline.pipeline: processing 70/100 -UacrmKiTn4__4
2026-09-25 15:22:23,624 INFO mm_pipeline.pipeline: processing 71/100 -hnBHBN8p5A__7
2026-09-25 15:22:31,216 INFO mm_pipeline.pipeline: processing 72/100 -hnBHBN8p5A__6
2026-09-25 15:22:37,523 INFO mm_pipeline.pipeline: processing 73/100 -qDkUB0GgYY__6
2026-09-25 15:22:41,559 INFO mm_pipeline.pipeline: processing 74/100 -uywlfIYOS8__4
2026-09-25 15:22:46,534 INFO mm_pipeline.pipeline: processing 75/100 -6rXp3zJ3kc__8
2026-09-25 15:22:54,348 INFO mm_pipeline.pipeline: processing 76/100 -9y-fZ3swSY__0
2026-09-25 15:22:59,953 INFO mm_pipeline.pipeline: processing 77/100 -9y-fZ3swSY__4
2026-09-25 15:23:04,239 INFO mm_pipeline.pipeline: processing 78/100 -9y-fZ3swSY__8
2026-09-25 15:23:09,945 INFO mm_pipeline.pipeline: processing 79/100 -AUZQgSxyPQ__2
2026-09-25 15:23:23,362 INFO mm_pipeline.pipeline: processing 80/100 -HeZS2-Prhc__2
2026-09-25 15:23:29,156 INFO mm_pipeline.pipeline: processing 81/100 -MeTTeMJBNc__0
2026-09-25 15:23:35,189 INFO mm_pipeline.pipeline: processing 82/100 -MeTTeMJBNc__13
2026-09-25 15:23:39,866 INFO mm_pipeline.pipeline: processing 83/100 -MeTTeMJBNc__7
2026-09-25 15:23:46,655 INFO mm_pipeline.pipeline: processing 84/100 -RfYyzHpjk4__11
2026-09-25 15:23:52,005 INFO mm_pipeline.pipeline: processing 85/100 -RfYyzHpjk4__8
2026-09-25 15:23:57,136 INFO mm_pipeline.pipeline: processing 86/100 -RfYyzHpjk4__2
2026-09-25 15:24:02,864 INFO mm_pipeline.pipeline: processing 87/100 -UUCSKoHeMA__0
2026-09-25 15:24:07,945 INFO mm_pipeline.pipeline: processing 88/100 -ri04Z7vwnc__0
2026-09-25 15:24:11,316 INFO mm_pipeline.pipeline: processing 89/100 -ri04Z7vwnc__2
2026-09-25 15:24:15,901 INFO mm_pipeline.pipeline: processing 90/100 -ri04Z7vwnc__5
2026-09-25 15:24:19,971 INFO mm_pipeline.pipeline: processing 91/100 -s9qJ7ATP7w__1
2026-09-25 15:24:25,355 INFO mm_pipeline.pipeline: processing 92/100 -s9qJ7ATP7w__0
2026-09-25 15:24:32,392 INFO mm_pipeline.pipeline: processing 93/100 -s9qJ7ATP7w__5
2026-09-25 15:24:39,818 INFO mm_pipeline.pipeline: processing 94/100 -s9qJ7ATP7w__4
2026-09-25 15:24:45,382 INFO mm_pipeline.pipeline: processing 95/100 -s9qJ7ATP7w__7
2026-09-25 15:24:51,273 INFO mm_pipeline.pipeline: processing 96/100 -s9qJ7ATP7w__6
2026-09-25 15:24:55,010 INFO mm_pipeline.pipeline: processing 97/100 -s9qJ7ATP7w__8
2026-09-25 15:24:59,763 INFO mm_pipeline.pipeline: processing 98/100 -yRb-Jum7EQ__1
2026-09-25 15:25:19,335 INFO mm_pipeline.pipeline: processing 99/100 -yRb-Jum7EQ__5
2026-09-25 15:25:28,406 INFO mm_pipeline.pipeline: processing 100/100 -yRb-Jum7EQ__6
2026-09-25 15:34:00,580 INFO mm_pipeline.pipeline: processing 1/100 -3g5yACwYnA__13
2026-09-25 15:34:00,580 INFO mm_pipeline.pipeline: processing 2/100 -3g5yACwYnA__3
2026-09-25 15:34:00,580 INFO mm_pipeline.pipeline: processing 3/100 -3g5yACwYnA__2
2026-09-25 15:34:00,581 INFO mm_pipeline.pipeline: processing 4/100 -3g5yACwYnA__9
2026-09-25 15:34:00,581 INFO mm_pipeline.pipeline: processing 5/100 -3nNcZdcdvU__5
2026-09-25 15:34:00,581 INFO mm_pipeline.pipeline: processing 6/100 -HwX2H8Z4hY__2
2026-09-25 15:34:00,581 INFO mm_pipeline.pipeline: processing 7/100 -HwX2H8Z4hY__5
2026-09-25 15:34:00,582 INFO mm_pipeline.pipeline: processing 8/100 -HwX2H8Z4hY__6
2026-09-25 15:34:00,582 INFO mm_pipeline.pipeline: processing 9/100 -HwX2H8Z4hY__9
2026-09-25 15:34:00,582 INFO mm_pipeline.pipeline: processing 10/100 -NFrJFQijFE__1
2026-09-25 15:34:00,582 INFO mm_pipeline.pipeline: processing 11/100 -NFrJFQijFE__2
2026-09-25 15:34:00,583 INFO mm_pipeline.pipeline: processing 12/100 -THoVjtIkeU__12
2026-09-25 15:34:00,583 INFO mm_pipeline.pipeline: processing 13/100 -THoVjtIkeU__2
2026-09-25 15:34:00,583 INFO mm_pipeline.pipeline: processing 14/100 -THoVjtIkeU__6
2026-09-25 15:34:00,583 INFO mm_pipeline.pipeline: processing 15/100 -UuX1xuaiiE__1
2026-09-25 15:34:00,584 INFO mm_pipeline.pipeline: processing 16/100 -UuX1xuaiiE__0
2026-09-25 15:34:00,584 INFO mm_pipeline.pipeline: processing 17/100 -UuX1xuaiiE__3
2026-09-25 15:34:00,584 INFO mm_pipeline.pipeline: processing 18/100 -UuX1xuaiiE__6
2026-09-25 15:34:00,584 INFO mm_pipeline.pipeline: processing 19/100 -a55Q6RWvTA__3
2026-09-25 15:34:00,585 INFO mm_pipeline.pipeline: processing 20/100 -aNfi7CP8vM__7
2026-09-25 15:34:00,585 INFO mm_pipeline.pipeline: processing 21/100 -aqamKhZ1Ec__0
2026-09-25 15:34:00,585 INFO mm_pipeline.pipeline: processing 22/100 -dxfTGcXJoc__1
2026-09-25 15:34:00,585 INFO mm_pipeline.pipeline: processing 23/100 -dxfTGcXJoc__0
2026-09-25 15:34:00,586 INFO mm_pipeline.pipeline: processing 24/100 -dxfTGcXJoc__2
2026-09-25 15:34:00,586 INFO mm_pipeline.pipeline: processing 25/100 -dxfTGcXJoc__6
2026-09-25 15:34:00,586 INFO mm_pipeline.pipeline: processing 26/100 -egA8-b7-3M__26
2026-09-25 15:34:00,586 INFO mm_pipeline.pipeline: processing 27/100 -egA8-b7-3M__17
2026-09-25 15:34:00,586 INFO mm_pipeline.pipeline: processing 28/100 -egA8-b7-3M__18
2026-09-25 15:34:00,587 INFO mm_pipeline.pipeline: processing 29/100 -egA8-b7-3M__16
2026-09-25 15:34:00,587 INFO mm_pipeline.pipeline: processing 30/100 -egA8-b7-3M__13
2026-09-25 15:34:00,587 INFO mm_pipeline.pipeline: processing 31/100 -egA8-b7-3M__1
2026-09-25 15:34:00,587 INFO mm_pipeline.pipeline: processing 32/100 -egA8-b7-3M__6
2026-09-25 15:34:00,588 INFO mm_pipeline.pipeline: processing 33/100 -egA8-b7-3M__9
2026-09-25 15:34:00,588 INFO mm_pipeline.pipeline: processing 34/100 -egA8-b7-3M__20
2026-09-25 15:34:00,588 INFO mm_pipeline.pipeline: processing 35/100 -iRBcNs9oI8__3
2026-09-25 15:34:00,588 INFO mm_pipeline.pipeline: processing 36/100 -iRBcNs9oI8__7
2026-09-25 15:34:00,589 INFO mm_pipeline.pipeline: processing 37/100 -iRBcNs9oI8__6
2026-09-25 15:34:00,589 INFO mm_pipeline.pipeline: processing 38/100 -iRBcNs9oI8__9
2026-09-25 15:34:00,589 INFO mm_pipeline.pipeline: processing 39/100 -iRBcNs9oI8__8
2026-09-25 15:34:00,589 INFO mm_pipeline.pipeline: processing 40/100 -lzEya4AM_4__5
2026-09-25 15:34:00,590 INFO mm_pipeline.pipeline: processing 41/100 -lzEya4AM_4__6
2026-09-25 15:34:00,590 INFO mm_pipeline.pipeline: processing 42/100 -mJ2ud6oKI8__1
2026-09-25 15:34:00,590 INFO mm_pipeline.pipeline: processing 43/100 -mJ2ud6oKI8__2
2026-09-25 15:34:00,590 INFO mm_pipeline.pipeline: processing 44/100 -mJ2ud6oKI8__6
2026-09-25 15:34:00,591 INFO mm_pipeline.pipeline: processing 45/100 -mJ2ud6oKI8__9
2026-09-25 15:34:00,591 INFO mm_pipeline.pipeline: processing 46/100 -mJ2ud6oKI8__8
2026-09-25 15:34:00,591 INFO mm_pipeline.pipeline: processing 47/100 -mqbVkbCndg__0
2026-09-25 15:34:00,591 INFO mm_pipeline.pipeline: processing 48/100 -t217m2on-s__2
2026-09-25 15:34:00,591 INFO mm_pipeline.pipeline: processing 49/100 -t217m2on-s__7
2026-09-25 15:34:00,592 INFO mm_pipeline.pipeline: processing 50/100 -tANM6ETl_M__3
2026-09-25 15:34:00,592 INFO mm_pipeline.pipeline: processing 51/100 -tPCytz4rww__11
2026-09-25 15:34:00,592 INFO mm_pipeline.pipeline: processing 52/100 -tPCytz4rww__10
2026-09-25 15:34:00,592 INFO mm_pipeline.pipeline: processing 53/100 -tPCytz4rww__12
2026-09-25 15:34:00,593 INFO mm_pipeline.pipeline: processing 54/100 -tPCytz4rww__16
2026-09-25 15:34:00,593 INFO mm_pipeline.pipeline: processing 55/100 -tPCytz4rww__18
2026-09-25 15:34:00,593 INFO mm_pipeline.pipeline: processing 56/100 -vxjVxOeScU__4
2026-09-25 15:34:00,593 INFO mm_pipeline.pipeline: processing 57/100 -wMB_hJL-3o__7
2026-09-25 15:34:00,594 INFO mm_pipeline.pipeline: processing 58/100 -wny0OAz3g8__1
2026-09-25 15:34:00,594 INFO mm_pipeline.pipeline: processing 59/100 -wny0OAz3g8__0
2026-09-25 15:34:00,594 INFO mm_pipeline.pipeline: processing 60/100 -wny0OAz3g8__3
2026-09-25 15:34:00,594 INFO mm_pipeline.pipeline: processing 61/100 -wny0OAz3g8__2
2026-09-25 15:34:00,594 INFO mm_pipeline.pipeline: processing 62/100 -wny0OAz3g8__5
2026-09-25 15:34:00,595 INFO mm_pipeline.pipeline: processing 63/100 -wny0OAz3g8__7
2026-09-25 15:34:00,595 INFO mm_pipeline.pipeline: processing 64/100 -wny0OAz3g8__9
2026-09-25 15:34:00,595 INFO mm_pipeline.pipeline: processing 65/100 -571d8cVauQ__0
2026-09-25 15:34:00,595 INFO mm_pipeline.pipeline: processing 66/100 -571d8cVauQ__5
2026-09-25 15:34:00,596 INFO mm_pipeline.pipeline: processing 67/100 -I_e4mIh0yE__1
2026-09-25 15:34:00,596 INFO mm_pipeline.pipeline: processing 68/100 -I_e4mIh0yE__3
2026-09-25 15:34:00,596 INFO mm_pipeline.pipeline: processing 69/100 -UacrmKiTn4__10
2026-09-25 15:34:00,596 INFO mm_pipeline.pipeline: processing 70/100 -UacrmKiTn4__4
2026-09-25 15:34:00,597 INFO mm_pipeline.pipeline: processing 71/100 -hnBHBN8p5A__7
2026-09-25 15:34:00,597 INFO mm_pipeline.pipeline: processing 72/100 -hnBHBN8p5A__6
2026-09-25 15:34:00,597 INFO mm_pipeline.pipeline: processing 73/100 -qDkUB0GgYY__6
2026-09-25 15:34:00,597 INFO mm_pipeline.pipeline: processing 74/100 -uywlfIYOS8__4
2026-09-25 15:34:00,598 INFO mm_pipeline.pipeline: processing 75/100 -6rXp3zJ3kc__8
2026-09-25 15:34:00,598 INFO mm_pipeline.pipeline: processing 76/100 -9y-fZ3swSY__0
2026-09-25 15:34:00,598 INFO mm_pipeline.pipeline: processing 77/100 -9y-fZ3swSY__4
2026-09-25 15:34:00,598 INFO mm_pipeline.pipeline: processing 78/100 -9y-fZ3swSY__8
2026-09-25 15:34:00,598 INFO mm_pipeline.pipeline: processing 79/100 -AUZQgSxyPQ__2
2026-09-25 15:34:00,599 INFO mm_pipeline.pipeline: processing 80/100 -HeZS2-Prhc__2
2026-09-25 15:34:00,599 INFO mm_pipeline.pipeline: processing 81/100 -MeTTeMJBNc__0
2026-09-25 15:34:00,599 INFO mm_pipeline.pipeline: processing 82/100 -MeTTeMJBNc__13
2026-09-25 15:34:00,599 INFO mm_pipeline.pipeline: processing 83/100 -MeTTeMJBNc__7
2026-09-25 15:34:00,600 INFO mm_pipeline.pipeline: processing 84/100 -RfYyzHpjk4__11
2026-09-25 15:34:00,600 INFO mm_pipeline.pipeline: processing 85/100 -RfYyzHpjk4__8
2026-09-25 15:34:00,600 INFO mm_pipeline.pipeline: processing 86/100 -RfYyzHpjk4__2
2026-09-25 15:34:00,600 INFO mm_pipeline.pipeline: processing 87/100 -UUCSKoHeMA__0
2026-09-25 15:34:00,601 INFO mm_pipeline.pipeline: processing 88/100 -ri04Z7vwnc__0
2026-09-25 15:34:00,601 INFO mm_pipeline.pipeline: processing 89/100 -ri04Z7vwnc__2
2026-09-25 15:34:00,601 INFO mm_pipeline.pipeline: processing 90/100 -ri04Z7vwnc__5
2026-09-25 15:34:00,601 INFO mm_pipeline.pipeline: processing 91/100 -s9qJ7ATP7w__1
2026-09-25 15:34:00,601 INFO mm_pipeline.pipeline: processing 92/100 -s9qJ7ATP7w__0
2026-09-25 15:34:00,602 INFO mm_pipeline.pipeline: processing 93/100 -s9qJ7ATP7w__5
2026-09-25 15:34:00,602 INFO mm_pipeline.pipeline: processing 94/100 -s9qJ7ATP7w__4
2026-09-25 15:34:00,602 INFO mm_pipeline.pipeline: processing 95/100 -s9qJ7ATP7w__7
2026-09-25 15:34:00,602 INFO mm_pipeline.pipeline: processing 96/100 -s9qJ7ATP7w__6
2026-09-25 15:34:00,603 INFO mm_pipeline.pipeline: processing 97/100 -s9qJ7ATP7w__8
2026-09-25 15:34:00,603 INFO mm_pipeline.pipeline: processing 98/100 -yRb-Jum7EQ__1
2026-09-25 15:34:00,603 INFO mm_pipeline.pipeline: processing 99/100 -yRb-Jum7EQ__5
2026-09-25 15:34:00,603 INFO mm_pipeline.pipeline: processing 100/100 -yRb-Jum7EQ__6
